// Jest Snapshot v1, https://goo.gl/fbAQLP

exports[`BottomScrollListener in normal body scroll mode shall render children 1`] = `
<button>
  hello
</button>
`;

exports[`BottomScrollListener in optional specific container mode error handling shall throw error if ref is not passed to a child on mount 1`] = `"Unable to use scroll container: Ref to child not available, did you pass the ref prop to an element?"`;

exports[`BottomScrollListener in optional specific container mode error handling shall throw error if ref is not present when component unmounts 1`] = `"Unable to clean up scroll container: Ref has been unmounted prematurely."`;

exports[`BottomScrollListener in optional specific container mode shall render children 1`] = `
<BottomScrollListener
  debounce={200}
  offset={0}
  onBottom={[Function]}
>
  <button>
    This is example of render child pattern
  </button>
</BottomScrollListener>
`;

exports[`BottomScrollListener shall not render anything if there are no children 1`] = `""`;
